[docs.puppetlabs.com/puppet/3/reference/index.html]
[backblue.gif]
[fade.gif]
[index.html]
[docs.puppetlabs.com/puppet/3/reference/index-2.html]
[docs.puppetlabs.com/puppet/3/reference/whats_new.html]
[docs.puppetlabs.com/puppet/3/reference/release_notes.html]
[docs.puppetlabs.com/puppet/3/reference/lang_summary.html]
[docs.puppetlabs.com/puppet/3/reference/modules_fundamentals.html]
[docs.puppetlabs.com/puppet/3/reference/system_requirements.html]
[docs.puppetlabs.com/puppet/3/reference/lang_visual_index.html]
[docs.puppetlabs.com/puppet/3/reference/lang_reserved.html]
[docs.puppetlabs.com/puppet/3/reference/lang_resources.html]
[docs.puppetlabs.com/puppet/3/reference/lang_relationships.html]
[docs.puppetlabs.com/puppet/3/reference/lang_defaults.html]
[docs.puppetlabs.com/puppet/3/reference/lang_variables.html]
[docs.puppetlabs.com/puppet/3/reference/lang_scope.html]
[docs.puppetlabs.com/puppet/3/reference/lang_conditional.html]
[docs.puppetlabs.com/puppet/3/reference/lang_expressions.html]
[docs.puppetlabs.com/puppet/3/reference/lang_functions.html]
[docs.puppetlabs.com/puppet/3/reference/lang_classes.html]
[docs.puppetlabs.com/puppet/3/reference/lang_defined_types.html]
[docs.puppetlabs.com/puppet/3/reference/lang_containment.html]
[docs.puppetlabs.com/puppet/3/reference/lang_namespaces.html]
[docs.puppetlabs.com/puppet/3/reference/lang_collectors.html]
[docs.puppetlabs.com/puppet/3/reference/lang_node_definitions.html]
[docs.puppetlabs.com/puppet/3/reference/lang_datatypes.html]
[docs.puppetlabs.com/puppet/3/reference/lang_comments.html]
[docs.puppetlabs.com/puppet/3/reference/lang_virtual.html]
[docs.puppetlabs.com/puppet/3/reference/lang_exported.html]
[docs.puppetlabs.com/puppet/3/reference/lang_tags.html]
[docs.puppetlabs.com/puppet/3/reference/lang_run_stages.html]
[docs.puppetlabs.com/puppet/3/reference/lang_import.html]
[docs.puppetlabs.com/puppet/3/reference/modules_installing.html]
[docs.puppetlabs.com/puppet/3/reference/modules_publishing.html]
[docs.puppetlabs.com/puppet/3/reference/index.html]
[docs.puppetlabs.com/puppet/3/reference/subsystem_agent_master_comm.html]
[docs.puppetlabs.com/puppet/3/reference/index-2.html]
[docs.puppetlabs.com/puppet/3/reference/whats_new.html]
[docs.puppetlabs.com/puppet/3/reference/release_notes.html]
[docs.puppetlabs.com/puppet/3/reference/lang_summary.html]
[docs.puppetlabs.com/puppet/3/reference/modules_fundamentals.html]
[docs.puppetlabs.com/puppet/3/reference/system_requirements.html]
[docs.puppetlabs.com/puppet/3/reference/lang_visual_index.html]
[docs.puppetlabs.com/puppet/3/reference/lang_reserved.html]
[docs.puppetlabs.com/puppet/3/reference/lang_resources.html]
[docs.puppetlabs.com/puppet/3/reference/lang_relationships.html]
[docs.puppetlabs.com/puppet/3/reference/lang_defaults.html]
[docs.puppetlabs.com/puppet/3/reference/lang_variables.html]
[docs.puppetlabs.com/puppet/3/reference/images/scope-euler-diagram.png]
[docs.puppetlabs.com/puppet/3/reference/lang_scope.html]
[docs.puppetlabs.com/puppet/3/reference/lang_conditional.html]
[docs.puppetlabs.com/puppet/3/reference/lang_expressions.html]
[docs.puppetlabs.com/puppet/3/reference/lang_functions.html]
[docs.puppetlabs.com/puppet/3/reference/lang_classes.html]
[docs.puppetlabs.com/puppet/3/reference/lang_defined_types.html]
[docs.puppetlabs.com/puppet/3/reference/lang_containment.html]
[docs.puppetlabs.com/puppet/3/reference/lang_namespaces.html]
[docs.puppetlabs.com/puppet/3/reference/lang_collectors.html]
[docs.puppetlabs.com/puppet/3/reference/lang_node_definitions.html]
[docs.puppetlabs.com/puppet/3/reference/lang_datatypes.html]
[docs.puppetlabs.com/puppet/3/reference/lang_comments.html]
[docs.puppetlabs.com/puppet/3/reference/lang_virtual.html]
[docs.puppetlabs.com/puppet/3/reference/lang_exported.html]
[docs.puppetlabs.com/puppet/3/reference/lang_tags.html]
[docs.puppetlabs.com/puppet/3/reference/lang_run_stages.html]
[docs.puppetlabs.com/puppet/3/reference/lang_import.html]
[docs.puppetlabs.com/puppet/3/reference/modules_installing.html]
[docs.puppetlabs.com/puppet/3/reference/images/forge_signup.png]
[docs.puppetlabs.com/puppet/3/reference/images/forge_publish_module.png]
[docs.puppetlabs.com/puppet/3/reference/images/forge_upload_tarball.png]
[docs.puppetlabs.com/puppet/3/reference/images/forge_upload_tarball2.png]
[docs.puppetlabs.com/puppet/3/reference/images/forge_new_release.png]
[docs.puppetlabs.com/puppet/3/reference/modules_publishing.html]
[docs.puppetlabs.com/puppet/3/reference/subsystem_agent_master_comm.html]
